2026-05-12 13:22:40,151 - main - INFO - Shutting down Customer API application...
2026-05-12 13:22:41,639 - main - INFO - Starting Customer API application...
2026-05-12 13:22:41,696 - app.database.session - INFO - Database test connection successful
2026-05-12 13:22:41,722 - app.database.session - INFO - Database tables initialized successfully
2026-05-12 13:22:41,722 - main - INFO - Database initialization completed successfully
2026-05-12 13:22:41,723 - main - INFO - Customer API application started successfully
2026-05-12 13:22:46,298 - main - INFO - Shutting down Customer API application...
2026-05-12 13:22:47,719 - main - INFO - Starting Customer API application...
2026-05-12 13:22:47,783 - app.database.session - INFO - Database test connection successful
2026-05-12 13:22:47,814 - app.database.session - INFO - Database tables initialized successfully
2026-05-12 13:22:47,814 - main - INFO - Database initialization completed successfully
2026-05-12 13:22:47,815 - main - INFO - Customer API application started successfully
2026-05-12 13:23:00,363 - app.database.session - INFO - Database connection established successfully
2026-05-12 13:23:00,364 - app.api.dashboard - INFO - API Request: GET /dashboard/customers/count from 127.0.0.1
2026-05-12 13:23:00,365 - app.crud.dashboard - INFO - Starting customer count query
2026-05-12 13:23:00,406 - app.crud.dashboard - INFO - Customer count query completed: 122 records
2026-05-12 13:23:00,406 - app.api.dashboard - INFO - API Response: GET /dashboard/customers/count - Status: 200
2026-05-12 13:23:00,409 - app.database.session - INFO - Database connection closed
2026-05-12 13:23:09,306 - app.database.session - INFO - Database connection established successfully
2026-05-12 13:23:09,306 - app.api.dashboard - INFO - API Request: GET /dashboard/orders/count from 127.0.0.1
2026-05-12 13:23:09,306 - app.crud.dashboard - INFO - Starting order count query
2026-05-12 13:23:09,322 - app.crud.dashboard - INFO - Order count query completed: 326 records
2026-05-12 13:23:09,322 - app.api.dashboard - INFO - API Response: GET /dashboard/orders/count - Status: 200
2026-05-12 13:23:09,325 - app.database.session - INFO - Database connection closed
2026-05-12 13:23:14,099 - app.database.session - INFO - Database connection established successfully
2026-05-12 13:23:14,100 - app.api.dashboard - INFO - API Request: GET /dashboard/products/count from 127.0.0.1
2026-05-12 13:23:14,100 - app.crud.dashboard - INFO - Starting product count query
2026-05-12 13:23:14,115 - app.crud.dashboard - INFO - Product count query completed: 110 records
2026-05-12 13:23:14,115 - app.api.dashboard - INFO - API Response: GET /dashboard/products/count - Status: 200
2026-05-12 13:23:14,118 - app.database.session - INFO - Database connection closed
2026-05-12 13:23:19,067 - app.database.session - INFO - Database connection established successfully
2026-05-12 13:23:19,068 - app.api.dashboard - INFO - API Request: GET /dashboard/employees/count from 127.0.0.1
2026-05-12 13:23:19,068 - app.crud.dashboard - INFO - Starting employee count query
2026-05-12 13:23:19,078 - app.crud.dashboard - INFO - Employee count query completed: 23 records
2026-05-12 13:23:19,079 - app.api.dashboard - INFO - API Response: GET /dashboard/employees/count - Status: 200
2026-05-12 13:23:19,081 - app.database.session - INFO - Database connection closed
2026-05-12 13:23:24,510 - app.database.session - INFO - Database connection established successfully
2026-05-12 13:23:24,511 - app.api.dashboard - INFO - API Request: GET /dashboard/offices/count from 127.0.0.1
2026-05-12 13:23:24,511 - app.crud.dashboard - INFO - Starting office count query
2026-05-12 13:23:24,518 - app.crud.dashboard - INFO - Office count query completed: 7 records
2026-05-12 13:23:24,518 - app.api.dashboard - INFO - API Response: GET /dashboard/offices/count - Status: 200
2026-05-12 13:23:24,521 - app.database.session - INFO - Database connection closed
2026-05-12 13:23:29,422 - app.database.session - INFO - Database connection established successfully
2026-05-12 13:23:29,422 - app.api.dashboard - INFO - API Request: GET /dashboard/payments/count from 127.0.0.1
2026-05-12 13:23:29,422 - app.crud.dashboard - INFO - Starting payment count query
2026-05-12 13:23:29,430 - app.crud.dashboard - INFO - Payment count query completed: 273 records
2026-05-12 13:23:29,430 - app.api.dashboard - INFO - API Response: GET /dashboard/payments/count - Status: 200
2026-05-12 13:23:29,433 - app.database.session - INFO - Database connection closed
2026-05-12 13:23:34,907 - app.database.session - INFO - Database connection established successfully
2026-05-12 13:23:34,907 - app.api.dashboard - INFO - API Request: GET /dashboard/orderdetails/count from 127.0.0.1
2026-05-12 13:23:34,907 - app.crud.dashboard - INFO - Starting orderdetail count query
2026-05-12 13:23:34,915 - app.crud.dashboard - INFO - OrderDetail count query completed: 2996 records
2026-05-12 13:23:34,915 - app.api.dashboard - INFO - API Response: GET /dashboard/orderdetails/count - Status: 200
2026-05-12 13:23:34,918 - app.database.session - INFO - Database connection closed
2026-05-12 13:23:40,140 - app.database.session - INFO - Database connection established successfully
2026-05-12 13:23:40,141 - app.api.dashboard - INFO - API Request: GET /dashboard/productlines/count from 127.0.0.1
2026-05-12 13:23:40,141 - app.crud.dashboard - INFO - Starting productline count query
2026-05-12 13:23:40,156 - app.crud.dashboard - INFO - ProductLine count query completed: 7 records
2026-05-12 13:23:40,156 - app.api.dashboard - INFO - API Response: GET /dashboard/productlines/count - Status: 200
2026-05-12 13:23:40,159 - app.database.session - INFO - Database connection closed
2026-05-12 13:23:45,875 - app.database.session - INFO - Database connection established successfully
2026-05-12 13:23:45,875 - app.api.dashboard - INFO - API Request: GET /dashboard/overall_counts from 127.0.0.1
2026-05-12 13:23:45,875 - app.api.dashboard - INFO - Starting concurrent overall counts request
2026-05-12 13:23:45,875 - app.crud.dashboard - INFO - Starting concurrent count queries for all tables
2026-05-12 13:23:45,876 - app.crud.dashboard - INFO - Starting customer count query
2026-05-12 13:23:45,877 - app.crud.dashboard - INFO - Starting order count query
2026-05-12 13:23:45,878 - app.crud.dashboard - INFO - Starting product count query
2026-05-12 13:23:45,879 - app.crud.dashboard - INFO - Starting employee count query
2026-05-12 13:23:45,881 - app.crud.dashboard - INFO - Starting office count query
2026-05-12 13:23:45,882 - app.crud.dashboard - INFO - Starting payment count query
2026-05-12 13:23:45,883 - app.crud.dashboard - INFO - Starting orderdetail count query
2026-05-12 13:23:45,884 - app.crud.dashboard - INFO - Starting productline count query
2026-05-12 13:23:45,887 - app.crud.dashboard - INFO - Customer count query completed: 122 records
2026-05-12 13:23:45,889 - app.crud.dashboard - INFO - Order count query completed: 326 records
2026-05-12 13:23:45,890 - app.crud.dashboard - INFO - Product count query completed: 110 records
2026-05-12 13:23:45,892 - app.crud.dashboard - INFO - Employee count query completed: 23 records
2026-05-12 13:23:45,894 - app.crud.dashboard - INFO - Office count query completed: 7 records
2026-05-12 13:23:45,895 - app.crud.dashboard - INFO - Payment count query completed: 273 records
2026-05-12 13:23:45,897 - app.crud.dashboard - INFO - OrderDetail count query completed: 2996 records
2026-05-12 13:23:45,898 - app.crud.dashboard - INFO - ProductLine count query completed: 7 records
2026-05-12 13:23:45,899 - app.crud.dashboard - INFO - Concurrent count queries completed in 0.023 seconds
2026-05-12 13:23:45,899 - app.api.dashboard - INFO - API Response: GET /dashboard/overall_counts - Status: 200
2026-05-12 13:23:45,902 - app.database.session - INFO - Database connection closed
2026-05-12 13:24:13,743 - app.database.session - INFO - Database connection established successfully
2026-05-12 13:24:13,744 - app.api.customers - INFO - API Request: GET /customers/?skip=0&limit=10 from 127.0.0.1
2026-05-12 13:24:13,764 - app.crud.customer - INFO - Retrieved 10 customers (skip=0, limit=10, total=122)
2026-05-12 13:24:13,767 - app.api.customers - INFO - API Response: GET /customers/?skip=0&limit=10 - Status: 200
2026-05-12 13:24:13,770 - app.database.session - INFO - Database connection closed
2026-05-12 13:24:29,357 - app.database.session - INFO - Database connection established successfully
2026-05-12 13:24:29,358 - app.api.customers - INFO - API Request: GET /customers/103 from 127.0.0.1
2026-05-12 13:24:29,364 - app.crud.customer - INFO - Retrieved customer: 103
2026-05-12 13:24:29,364 - app.api.customers - INFO - API Response: GET /customers/103 - Status: 200
2026-05-12 13:24:29,368 - app.database.session - INFO - Database connection closed
2026-05-12 13:25:28,896 - app.database.session - INFO - Database connection established successfully
2026-05-12 13:25:28,897 - app.api.customers - INFO - API Request: POST /customers/ from 127.0.0.1
2026-05-12 13:25:28,930 - app.crud.customer - INFO - Created customer: 497
2026-05-12 13:25:28,930 - app.api.customers - INFO - API Response: POST /customers/ - Status: 201
2026-05-12 13:25:28,933 - app.database.session - INFO - Database connection closed
2026-05-12 13:25:59,400 - app.database.session - INFO - Database connection established successfully
2026-05-12 13:25:59,401 - app.api.customers - INFO - API Request: PUT /customers/109 from 127.0.0.1
2026-05-12 13:25:59,406 - app.crud.customer - WARNING - Customer not found: 109
2026-05-12 13:25:59,406 - app.crud.customer - WARNING - Cannot update - customer not found: 109
2026-05-12 13:25:59,407 - app.api.customers - WARNING - Cannot update - customer not found: 109
2026-05-12 13:25:59,407 - app.api.customers - INFO - API Response: PUT /customers/109 - Status: 404
2026-05-12 13:25:59,407 - app.database.session - ERROR - Database connection failed: 404: Customer not found
2026-05-12 13:25:59,409 - app.database.session - INFO - Database connection closed
2026-05-12 13:26:08,924 - app.database.session - INFO - Database connection established successfully
2026-05-12 13:26:08,925 - app.api.customers - INFO - API Request: PUT /customers/409 from 127.0.0.1
2026-05-12 13:26:08,929 - app.crud.customer - INFO - Retrieved customer: 409
2026-05-12 13:26:08,948 - app.crud.customer - ERROR - Error updating customer 409: (sqlalchemy.dialects.postgresql.asyncpg.IntegrityError) <class 'asyncpg.exceptions.ForeignKeyViolationError'>: insert or update on table "customers" violates foreign key constraint "customers_salesRepEmployeeNumber_fkey"
DETAIL:  Key (salesRepEmployeeNumber)=(0) is not present in table "employees".
[SQL: UPDATE customers SET "customerName"=$1::VARCHAR, "contactLastName"=$2::VARCHAR, "contactFirstName"=$3::VARCHAR, phone=$4::VARCHAR, "addressLine1"=$5::VARCHAR, "addressLine2"=$6::VARCHAR, city=$7::VARCHAR, state=$8::VARCHAR, "postalCode"=$9::VARCHAR, country=$10::VARCHAR, "salesRepEmployeeNumber"=$11::INTEGER, "creditLimit"=$12::NUMERIC(10, 2) WHERE customers."customerNumber" = $13::INTEGER]
[parameters: ('string', 'string', 'string', 'string', 'string', 'string', 'string', 'string', 'string', 'string', 0, Decimal('0'), 409)]
(Background on this error at: https://sqlalche.me/e/20/gkpj)
2026-05-12 13:26:08,948 - app.api.customers - ERROR - Error updating customer 409: (sqlalchemy.dialects.postgresql.asyncpg.IntegrityError) <class 'asyncpg.exceptions.ForeignKeyViolationError'>: insert or update on table "customers" violates foreign key constraint "customers_salesRepEmployeeNumber_fkey"
DETAIL:  Key (salesRepEmployeeNumber)=(0) is not present in table "employees".
[SQL: UPDATE customers SET "customerName"=$1::VARCHAR, "contactLastName"=$2::VARCHAR, "contactFirstName"=$3::VARCHAR, phone=$4::VARCHAR, "addressLine1"=$5::VARCHAR, "addressLine2"=$6::VARCHAR, city=$7::VARCHAR, state=$8::VARCHAR, "postalCode"=$9::VARCHAR, country=$10::VARCHAR, "salesRepEmployeeNumber"=$11::INTEGER, "creditLimit"=$12::NUMERIC(10, 2) WHERE customers."customerNumber" = $13::INTEGER]
[parameters: ('string', 'string', 'string', 'string', 'string', 'string', 'string', 'string', 'string', 'string', 0, Decimal('0'), 409)]
(Background on this error at: https://sqlalche.me/e/20/gkpj)
2026-05-12 13:26:08,948 - app.api.customers - INFO - API Response: PUT /customers/409 - Status: 500
2026-05-12 13:26:08,949 - app.database.session - ERROR - Database connection failed: 500: Internal server error
2026-05-12 13:26:08,949 - app.database.session - INFO - Database connection closed
2026-05-12 13:26:27,126 - app.database.session - INFO - Database connection established successfully
2026-05-12 13:26:27,126 - app.api.customers - INFO - API Request: PUT /customers/103 from 127.0.0.1
2026-05-12 13:26:27,130 - app.crud.customer - INFO - Retrieved customer: 103
2026-05-12 13:26:27,136 - app.crud.customer - ERROR - Error updating customer 103: (sqlalchemy.dialects.postgresql.asyncpg.IntegrityError) <class 'asyncpg.exceptions.ForeignKeyViolationError'>: insert or update on table "customers" violates foreign key constraint "customers_salesRepEmployeeNumber_fkey"
DETAIL:  Key (salesRepEmployeeNumber)=(0) is not present in table "employees".
[SQL: UPDATE customers SET "customerName"=$1::VARCHAR, "contactLastName"=$2::VARCHAR, "contactFirstName"=$3::VARCHAR, phone=$4::VARCHAR, "addressLine1"=$5::VARCHAR, "addressLine2"=$6::VARCHAR, city=$7::VARCHAR, state=$8::VARCHAR, "postalCode"=$9::VARCHAR, country=$10::VARCHAR, "salesRepEmployeeNumber"=$11::INTEGER, "creditLimit"=$12::NUMERIC(10, 2) WHERE customers."customerNumber" = $13::INTEGER]
[parameters: ('string', 'string', 'string', 'string', 'string', 'string', 'string', 'string', 'string', 'string', 0, Decimal('0'), 103)]
(Background on this error at: https://sqlalche.me/e/20/gkpj)
2026-05-12 13:26:27,136 - app.api.customers - ERROR - Error updating customer 103: (sqlalchemy.dialects.postgresql.asyncpg.IntegrityError) <class 'asyncpg.exceptions.ForeignKeyViolationError'>: insert or update on table "customers" violates foreign key constraint "customers_salesRepEmployeeNumber_fkey"
DETAIL:  Key (salesRepEmployeeNumber)=(0) is not present in table "employees".
[SQL: UPDATE customers SET "customerName"=$1::VARCHAR, "contactLastName"=$2::VARCHAR, "contactFirstName"=$3::VARCHAR, phone=$4::VARCHAR, "addressLine1"=$5::VARCHAR, "addressLine2"=$6::VARCHAR, city=$7::VARCHAR, state=$8::VARCHAR, "postalCode"=$9::VARCHAR, country=$10::VARCHAR, "salesRepEmployeeNumber"=$11::INTEGER, "creditLimit"=$12::NUMERIC(10, 2) WHERE customers."customerNumber" = $13::INTEGER]
[parameters: ('string', 'string', 'string', 'string', 'string', 'string', 'string', 'string', 'string', 'string', 0, Decimal('0'), 103)]
(Background on this error at: https://sqlalche.me/e/20/gkpj)
2026-05-12 13:26:27,136 - app.api.customers - INFO - API Response: PUT /customers/103 - Status: 500
2026-05-12 13:26:27,137 - app.database.session - ERROR - Database connection failed: 500: Internal server error
2026-05-12 13:26:27,137 - app.database.session - INFO - Database connection closed
2026-05-12 13:27:12,575 - app.database.session - INFO - Database connection established successfully
2026-05-12 13:27:12,576 - app.api.customers - INFO - API Request: GET /customers/?skip=0&limit=10 from 127.0.0.1
2026-05-12 13:27:12,583 - app.crud.customer - INFO - Retrieved 10 customers (skip=0, limit=10, total=123)
2026-05-12 13:27:12,584 - app.api.customers - INFO - API Response: GET /customers/?skip=0&limit=10 - Status: 200
2026-05-12 13:27:12,587 - app.database.session - INFO - Database connection closed
2026-05-12 13:27:24,911 - app.database.session - INFO - Database connection established successfully
2026-05-12 13:27:24,912 - app.api.customers - INFO - API Request: DELETE /customers/103 from 127.0.0.1
2026-05-12 13:27:24,916 - app.crud.customer - INFO - Retrieved customer: 103
2026-05-12 13:27:24,928 - app.crud.customer - ERROR - Error deleting customer 103: (sqlalchemy.dialects.postgresql.asyncpg.IntegrityError) <class 'asyncpg.exceptions.ForeignKeyViolationError'>: update or delete on table "customers" violates foreign key constraint "payments_customerNumber_fkey" on table "payments"
DETAIL:  Key (customerNumber)=(103) is still referenced from table "payments".
[SQL: DELETE FROM customers WHERE customers."customerNumber" = $1::INTEGER]
[parameters: (103,)]
(Background on this error at: https://sqlalche.me/e/20/gkpj)
2026-05-12 13:27:24,929 - app.api.customers - ERROR - Error deleting customer 103: (sqlalchemy.dialects.postgresql.asyncpg.IntegrityError) <class 'asyncpg.exceptions.ForeignKeyViolationError'>: update or delete on table "customers" violates foreign key constraint "payments_customerNumber_fkey" on table "payments"
DETAIL:  Key (customerNumber)=(103) is still referenced from table "payments".
[SQL: DELETE FROM customers WHERE customers."customerNumber" = $1::INTEGER]
[parameters: (103,)]
(Background on this error at: https://sqlalche.me/e/20/gkpj)
2026-05-12 13:27:24,929 - app.api.customers - INFO - API Response: DELETE /customers/103 - Status: 500
2026-05-12 13:27:24,929 - app.database.session - ERROR - Database connection failed: 500: Internal server error
2026-05-12 13:27:24,930 - app.database.session - INFO - Database connection closed
2026-05-12 13:27:36,498 - app.database.session - INFO - Database connection established successfully
2026-05-12 13:27:36,499 - app.api.customers - INFO - API Request: GET /customers/103/orders from 127.0.0.1
2026-05-12 13:27:36,520 - app.crud.customer - INFO - Retrieved customer with orders: 103
2026-05-12 13:27:36,520 - app.api.customers - INFO - API Response: GET /customers/103/orders - Status: 200
2026-05-12 13:27:36,524 - app.database.session - INFO - Database connection closed
2026-05-12 13:29:32,004 - app.database.session - INFO - Database connection established successfully
2026-05-12 13:29:32,004 - app.api.customers - INFO - API Request: GET /customers/?skip=0&limit=10 from 127.0.0.1
2026-05-12 13:29:32,011 - app.crud.customer - INFO - Retrieved 10 customers (skip=0, limit=10, total=123)
2026-05-12 13:29:32,012 - app.api.customers - INFO - API Response: GET /customers/?skip=0&limit=10 - Status: 200
2026-05-12 13:29:32,017 - app.database.session - INFO - Database connection closed
2026-05-12 13:29:51,570 - app.database.session - INFO - Database connection established successfully
2026-05-12 13:29:51,571 - app.api.customers - INFO - API Request: DELETE /customers/112 from 127.0.0.1
2026-05-12 13:29:51,574 - app.crud.customer - INFO - Retrieved customer: 112
2026-05-12 13:29:51,582 - app.crud.customer - ERROR - Error deleting customer 112: (sqlalchemy.dialects.postgresql.asyncpg.IntegrityError) <class 'asyncpg.exceptions.ForeignKeyViolationError'>: update or delete on table "customers" violates foreign key constraint "payments_customerNumber_fkey" on table "payments"
DETAIL:  Key (customerNumber)=(112) is still referenced from table "payments".
[SQL: DELETE FROM customers WHERE customers."customerNumber" = $1::INTEGER]
[parameters: (112,)]
(Background on this error at: https://sqlalche.me/e/20/gkpj)
2026-05-12 13:29:51,582 - app.api.customers - ERROR - Error deleting customer 112: (sqlalchemy.dialects.postgresql.asyncpg.IntegrityError) <class 'asyncpg.exceptions.ForeignKeyViolationError'>: update or delete on table "customers" violates foreign key constraint "payments_customerNumber_fkey" on table "payments"
DETAIL:  Key (customerNumber)=(112) is still referenced from table "payments".
[SQL: DELETE FROM customers WHERE customers."customerNumber" = $1::INTEGER]
[parameters: (112,)]
(Background on this error at: https://sqlalche.me/e/20/gkpj)
2026-05-12 13:29:51,582 - app.api.customers - INFO - API Response: DELETE /customers/112 - Status: 500
2026-05-12 13:29:51,583 - app.database.session - ERROR - Database connection failed: 500: Internal server error
2026-05-12 13:29:51,583 - app.database.session - INFO - Database connection closed
2026-05-12 13:30:10,814 - app.database.session - INFO - Database connection established successfully
2026-05-12 13:30:10,815 - app.api.customers - INFO - API Request: PUT /customers/103 from 127.0.0.1
2026-05-12 13:30:10,819 - app.crud.customer - INFO - Retrieved customer: 103
2026-05-12 13:30:10,837 - app.crud.customer - INFO - Retrieved customer: 103
2026-05-12 13:30:10,837 - app.crud.customer - INFO - Updated customer: 103
2026-05-12 13:30:10,837 - app.api.customers - INFO - API Response: PUT /customers/103 - Status: 200
2026-05-12 13:30:10,841 - app.database.session - INFO - Database connection closed
2026-05-12 13:30:19,847 - app.database.session - INFO - Database connection established successfully
2026-05-12 13:30:19,847 - app.api.customers - INFO - API Request: GET /customers/?skip=0&limit=10 from 127.0.0.1
2026-05-12 13:30:19,855 - app.crud.customer - INFO - Retrieved 10 customers (skip=0, limit=10, total=123)
2026-05-12 13:30:19,856 - app.api.customers - INFO - API Response: GET /customers/?skip=0&limit=10 - Status: 200
2026-05-12 13:30:19,858 - app.database.session - INFO - Database connection closed
2026-05-12 13:37:55,353 - main - INFO - Shutting down Customer API application...
